mode: set
github.com/local/cassonic/src/server/handler/subsonic/browse.go:18.75,20.21 2 1
github.com/local/cassonic/src/server/handler/subsonic/browse.go:20.21,23.3 2 1
github.com/local/cassonic/src/server/handler/subsonic/browse.go:25.2,26.16 2 1
github.com/local/cassonic/src/server/handler/subsonic/browse.go:26.16,29.3 2 1
github.com/local/cassonic/src/server/handler/subsonic/browse.go:31.2,32.27 2 1
github.com/local/cassonic/src/server/handler/subsonic/browse.go:32.27,37.3 1 1
github.com/local/cassonic/src/server/handler/subsonic/browse.go:39.2,39.48 1 1
github.com/local/cassonic/src/server/handler/subsonic/browse.go:39.48,41.3 1 1
github.com/local/cassonic/src/server/handler/subsonic/browse.go:45.70,47.21 2 1
github.com/local/cassonic/src/server/handler/subsonic/browse.go:47.21,50.3 2 1
github.com/local/cassonic/src/server/handler/subsonic/browse.go:52.2,53.16 2 1
github.com/local/cassonic/src/server/handler/subsonic/browse.go:53.16,56.3 2 1
github.com/local/cassonic/src/server/handler/subsonic/browse.go:58.2,59.56 2 1
github.com/local/cassonic/src/server/handler/subsonic/browse.go:59.56,60.57 1 0
github.com/local/cassonic/src/server/handler/subsonic/browse.go:60.57,62.4 1 0
github.com/local/cassonic/src/server/handler/subsonic/browse.go:65.2,66.28 2 1
github.com/local/cassonic/src/server/handler/subsonic/browse.go:66.28,70.3 3 1
github.com/local/cassonic/src/server/handler/subsonic/browse.go:72.2,73.26 2 1
github.com/local/cassonic/src/server/handler/subsonic/browse.go:73.26,75.3 1 1
github.com/local/cassonic/src/server/handler/subsonic/browse.go:76.2,79.33 3 1
github.com/local/cassonic/src/server/handler/subsonic/browse.go:79.33,84.3 1 1
github.com/local/cassonic/src/server/handler/subsonic/browse.go:86.2,89.48 3 1
github.com/local/cassonic/src/server/handler/subsonic/browse.go:89.48,95.3 1 1
github.com/local/cassonic/src/server/handler/subsonic/browse.go:100.77,102.21 2 1
github.com/local/cassonic/src/server/handler/subsonic/browse.go:102.21,105.3 2 0
github.com/local/cassonic/src/server/handler/subsonic/browse.go:107.2,108.14 2 1
github.com/local/cassonic/src/server/handler/subsonic/browse.go:108.14,111.3 2 1
github.com/local/cassonic/src/server/handler/subsonic/browse.go:113.2,114.16 2 1
github.com/local/cassonic/src/server/handler/subsonic/browse.go:114.16,117.3 2 1
github.com/local/cassonic/src/server/handler/subsonic/browse.go:119.2,121.16 2 1
github.com/local/cassonic/src/server/handler/subsonic/browse.go:122.21,124.31 2 0
github.com/local/cassonic/src/server/handler/subsonic/browse.go:124.31,127.4 2 0
github.com/local/cassonic/src/server/handler/subsonic/browse.go:128.3,129.17 2 0
github.com/local/cassonic/src/server/handler/subsonic/browse.go:129.17,132.4 2 0
github.com/local/cassonic/src/server/handler/subsonic/browse.go:133.3,134.29 2 0
github.com/local/cassonic/src/server/handler/subsonic/browse.go:134.29,136.4 1 0
github.com/local/cassonic/src/server/handler/subsonic/browse.go:137.3,137.49 1 0
github.com/local/cassonic/src/server/handler/subsonic/browse.go:137.49,143.4 1 0
github.com/local/cassonic/src/server/handler/subsonic/browse.go:145.24,147.34 2 1
github.com/local/cassonic/src/server/handler/subsonic/browse.go:147.34,150.4 2 1
github.com/local/cassonic/src/server/handler/subsonic/browse.go:151.3,152.17 2 0
github.com/local/cassonic/src/server/handler/subsonic/browse.go:152.17,155.4 2 0
github.com/local/cassonic/src/server/handler/subsonic/browse.go:156.3,157.29 2 0
github.com/local/cassonic/src/server/handler/subsonic/browse.go:157.29,159.4 1 0
github.com/local/cassonic/src/server/handler/subsonic/browse.go:160.3,160.49 1 0
github.com/local/cassonic/src/server/handler/subsonic/browse.go:160.49,166.4 1 0
github.com/local/cassonic/src/server/handler/subsonic/browse.go:168.19,170.33 2 0
github.com/local/cassonic/src/server/handler/subsonic/browse.go:170.33,173.4 2 0
github.com/local/cassonic/src/server/handler/subsonic/browse.go:174.3,175.17 2 0
github.com/local/cassonic/src/server/handler/subsonic/browse.go:175.17,178.4 2 0
github.com/local/cassonic/src/server/handler/subsonic/browse.go:179.3,180.27 2 0
github.com/local/cassonic/src/server/handler/subsonic/browse.go:180.27,182.4 1 0
github.com/local/cassonic/src/server/handler/subsonic/browse.go:183.3,183.49 1 0
github.com/local/cassonic/src/server/handler/subsonic/browse.go:183.49,190.4 1 0
github.com/local/cassonic/src/server/handler/subsonic/browse.go:192.10,193.62 1 0
github.com/local/cassonic/src/server/handler/subsonic/browse.go:198.69,200.21 2 1
github.com/local/cassonic/src/server/handler/subsonic/browse.go:200.21,203.3 2 0
github.com/local/cassonic/src/server/handler/subsonic/browse.go:205.2,206.16 2 1
github.com/local/cassonic/src/server/handler/subsonic/browse.go:206.16,209.3 2 0
github.com/local/cassonic/src/server/handler/subsonic/browse.go:211.2,212.27 2 1
github.com/local/cassonic/src/server/handler/subsonic/browse.go:212.27,218.3 1 0
github.com/local/cassonic/src/server/handler/subsonic/browse.go:220.2,220.48 1 1
github.com/local/cassonic/src/server/handler/subsonic/browse.go:220.48,222.3 1 1
github.com/local/cassonic/src/server/handler/subsonic/browse.go:226.70,228.21 2 0
github.com/local/cassonic/src/server/handler/subsonic/browse.go:228.21,231.3 2 0
github.com/local/cassonic/src/server/handler/subsonic/browse.go:233.2,234.16 2 0
github.com/local/cassonic/src/server/handler/subsonic/browse.go:234.16,237.3 2 0
github.com/local/cassonic/src/server/handler/subsonic/browse.go:239.2,240.28 2 0
github.com/local/cassonic/src/server/handler/subsonic/browse.go:240.28,243.3 2 0
github.com/local/cassonic/src/server/handler/subsonic/browse.go:245.2,246.26 2 0
github.com/local/cassonic/src/server/handler/subsonic/browse.go:246.26,248.3 1 0
github.com/local/cassonic/src/server/handler/subsonic/browse.go:249.2,252.33 3 0
github.com/local/cassonic/src/server/handler/subsonic/browse.go:252.33,257.3 1 0
github.com/local/cassonic/src/server/handler/subsonic/browse.go:259.2,259.48 1 0
github.com/local/cassonic/src/server/handler/subsonic/browse.go:259.48,264.3 1 0
github.com/local/cassonic/src/server/handler/subsonic/browse.go:268.69,270.21 2 1
github.com/local/cassonic/src/server/handler/subsonic/browse.go:270.21,273.3 2 0
github.com/local/cassonic/src/server/handler/subsonic/browse.go:275.2,276.14 2 1
github.com/local/cassonic/src/server/handler/subsonic/browse.go:276.14,279.3 2 1
github.com/local/cassonic/src/server/handler/subsonic/browse.go:281.2,282.16 2 1
github.com/local/cassonic/src/server/handler/subsonic/browse.go:282.16,285.3 2 0
github.com/local/cassonic/src/server/handler/subsonic/browse.go:287.2,289.33 3 1
github.com/local/cassonic/src/server/handler/subsonic/browse.go:289.33,292.3 2 1
github.com/local/cassonic/src/server/handler/subsonic/browse.go:294.2,295.16 2 0
github.com/local/cassonic/src/server/handler/subsonic/browse.go:295.16,298.3 2 0
github.com/local/cassonic/src/server/handler/subsonic/browse.go:300.2,301.28 2 0
github.com/local/cassonic/src/server/handler/subsonic/browse.go:301.28,303.3 1 0
github.com/local/cassonic/src/server/handler/subsonic/browse.go:305.2,306.48 2 0
github.com/local/cassonic/src/server/handler/subsonic/browse.go:306.48,311.3 1 0
github.com/local/cassonic/src/server/handler/subsonic/browse.go:315.68,317.21 2 1
github.com/local/cassonic/src/server/handler/subsonic/browse.go:317.21,320.3 2 0
github.com/local/cassonic/src/server/handler/subsonic/browse.go:322.2,323.14 2 1
github.com/local/cassonic/src/server/handler/subsonic/browse.go:323.14,326.3 2 1
github.com/local/cassonic/src/server/handler/subsonic/browse.go:328.2,329.16 2 1
github.com/local/cassonic/src/server/handler/subsonic/browse.go:329.16,332.3 2 0
github.com/local/cassonic/src/server/handler/subsonic/browse.go:334.2,336.32 3 1
github.com/local/cassonic/src/server/handler/subsonic/browse.go:336.32,339.3 2 1
github.com/local/cassonic/src/server/handler/subsonic/browse.go:341.2,342.16 2 0
github.com/local/cassonic/src/server/handler/subsonic/browse.go:342.16,345.3 2 0
github.com/local/cassonic/src/server/handler/subsonic/browse.go:347.2,348.26 2 0
github.com/local/cassonic/src/server/handler/subsonic/browse.go:348.26,350.3 1 0
github.com/local/cassonic/src/server/handler/subsonic/browse.go:352.2,353.48 2 0
github.com/local/cassonic/src/server/handler/subsonic/browse.go:353.48,358.3 1 0
github.com/local/cassonic/src/server/handler/subsonic/browse.go:362.67,364.21 2 1
github.com/local/cassonic/src/server/handler/subsonic/browse.go:364.21,367.3 2 0
github.com/local/cassonic/src/server/handler/subsonic/browse.go:369.2,370.14 2 1
github.com/local/cassonic/src/server/handler/subsonic/browse.go:370.14,373.3 2 1
github.com/local/cassonic/src/server/handler/subsonic/browse.go:375.2,376.16 2 1
github.com/local/cassonic/src/server/handler/subsonic/browse.go:376.16,379.3 2 0
github.com/local/cassonic/src/server/handler/subsonic/browse.go:381.2,382.31 2 1
github.com/local/cassonic/src/server/handler/subsonic/browse.go:382.31,385.3 2 1
github.com/local/cassonic/src/server/handler/subsonic/browse.go:387.2,388.48 2 0
github.com/local/cassonic/src/server/handler/subsonic/browse.go:388.48,390.3 1 0
github.com/local/cassonic/src/server/handler/subsonic/browse.go:394.72,396.21 2 1
github.com/local/cassonic/src/server/handler/subsonic/browse.go:396.21,399.3 2 0
github.com/local/cassonic/src/server/handler/subsonic/browse.go:401.2,402.16 2 1
github.com/local/cassonic/src/server/handler/subsonic/browse.go:402.16,405.3 2 0
github.com/local/cassonic/src/server/handler/subsonic/browse.go:407.2,408.28 2 1
github.com/local/cassonic/src/server/handler/subsonic/browse.go:408.28,410.3 1 0
github.com/local/cassonic/src/server/handler/subsonic/browse.go:412.2,412.48 1 1
github.com/local/cassonic/src/server/handler/subsonic/browse.go:412.48,414.3 1 1
github.com/local/cassonic/src/server/handler/subsonic/browse.go:418.73,420.21 2 1
github.com/local/cassonic/src/server/handler/subsonic/browse.go:420.21,423.3 2 1
github.com/local/cassonic/src/server/handler/subsonic/browse.go:425.2,426.16 2 0
github.com/local/cassonic/src/server/handler/subsonic/browse.go:426.16,429.3 2 0
github.com/local/cassonic/src/server/handler/subsonic/browse.go:431.2,432.28 2 0
github.com/local/cassonic/src/server/handler/subsonic/browse.go:432.28,434.3 1 0
github.com/local/cassonic/src/server/handler/subsonic/browse.go:436.2,436.48 1 0
github.com/local/cassonic/src/server/handler/subsonic/browse.go:436.48,438.3 1 0
github.com/local/cassonic/src/server/handler/subsonic/browse.go:442.77,446.16 4 1
github.com/local/cassonic/src/server/handler/subsonic/browse.go:446.16,448.3 1 0
github.com/local/cassonic/src/server/handler/subsonic/browse.go:449.2,452.18 3 1
github.com/local/cassonic/src/server/handler/subsonic/browse.go:453.16,454.47 1 0
github.com/local/cassonic/src/server/handler/subsonic/browse.go:456.16,457.47 1 0
github.com/local/cassonic/src/server/handler/subsonic/browse.go:459.28,462.5 1 0
github.com/local/cassonic/src/server/handler/subsonic/browse.go:464.30,467.5 1 0
github.com/local/cassonic/src/server/handler/subsonic/browse.go:469.16,473.17 4 0
github.com/local/cassonic/src/server/handler/subsonic/browse.go:473.17,475.4 1 0
github.com/local/cassonic/src/server/handler/subsonic/browse.go:476.3,478.27 3 0
github.com/local/cassonic/src/server/handler/subsonic/browse.go:478.27,479.23 1 0
github.com/local/cassonic/src/server/handler/subsonic/browse.go:479.23,480.13 1 0
github.com/local/cassonic/src/server/handler/subsonic/browse.go:482.4,484.31 3 0
github.com/local/cassonic/src/server/handler/subsonic/browse.go:484.31,486.5 1 0
github.com/local/cassonic/src/server/handler/subsonic/browse.go:487.4,487.27 1 0
github.com/local/cassonic/src/server/handler/subsonic/browse.go:487.27,488.10 1 0
github.com/local/cassonic/src/server/handler/subsonic/browse.go:491.3,491.21 1 0
github.com/local/cassonic/src/server/handler/subsonic/browse.go:493.17,498.17 3 0
github.com/local/cassonic/src/server/handler/subsonic/browse.go:498.17,500.4 1 0
github.com/local/cassonic/src/server/handler/subsonic/browse.go:501.3,503.27 3 0
github.com/local/cassonic/src/server/handler/subsonic/browse.go:503.27,504.23 1 0
github.com/local/cassonic/src/server/handler/subsonic/browse.go:504.23,505.13 1 0
github.com/local/cassonic/src/server/handler/subsonic/browse.go:507.4,509.31 3 0
github.com/local/cassonic/src/server/handler/subsonic/browse.go:509.31,511.5 1 0
github.com/local/cassonic/src/server/handler/subsonic/browse.go:512.4,512.27 1 0
github.com/local/cassonic/src/server/handler/subsonic/browse.go:512.27,513.10 1 0
github.com/local/cassonic/src/server/handler/subsonic/browse.go:516.3,516.21 1 0
github.com/local/cassonic/src/server/handler/subsonic/browse.go:518.17,520.17 2 0
github.com/local/cassonic/src/server/handler/subsonic/browse.go:520.17,522.4 1 0
github.com/local/cassonic/src/server/handler/subsonic/browse.go:523.3,524.25 2 0
github.com/local/cassonic/src/server/handler/subsonic/browse.go:524.25,526.4 1 0
github.com/local/cassonic/src/server/handler/subsonic/browse.go:527.3,527.21 1 0
github.com/local/cassonic/src/server/handler/subsonic/browse.go:529.10,530.47 1 1
github.com/local/cassonic/src/server/handler/subsonic/browse.go:535.74,537.21 2 1
github.com/local/cassonic/src/server/handler/subsonic/browse.go:537.21,540.3 2 0
github.com/local/cassonic/src/server/handler/subsonic/browse.go:542.2,544.16 3 1
github.com/local/cassonic/src/server/handler/subsonic/browse.go:544.16,546.3 1 0
github.com/local/cassonic/src/server/handler/subsonic/browse.go:547.2,552.16 5 1
github.com/local/cassonic/src/server/handler/subsonic/browse.go:552.16,555.3 2 0
github.com/local/cassonic/src/server/handler/subsonic/browse.go:557.2,558.26 2 1
github.com/local/cassonic/src/server/handler/subsonic/browse.go:558.26,560.3 1 0
github.com/local/cassonic/src/server/handler/subsonic/browse.go:562.2,562.48 1 1
github.com/local/cassonic/src/server/handler/subsonic/browse.go:562.48,564.3 1 1
github.com/local/cassonic/src/server/handler/subsonic/browse.go:568.75,570.21 2 1
github.com/local/cassonic/src/server/handler/subsonic/browse.go:570.21,573.3 2 0
github.com/local/cassonic/src/server/handler/subsonic/browse.go:575.2,577.17 3 1
github.com/local/cassonic/src/server/handler/subsonic/browse.go:577.17,580.3 2 1
github.com/local/cassonic/src/server/handler/subsonic/browse.go:582.2,583.17 2 1
github.com/local/cassonic/src/server/handler/subsonic/browse.go:583.17,585.3 1 0
github.com/local/cassonic/src/server/handler/subsonic/browse.go:586.2,592.16 3 1
github.com/local/cassonic/src/server/handler/subsonic/browse.go:592.16,595.3 2 0
github.com/local/cassonic/src/server/handler/subsonic/browse.go:597.2,598.26 2 1
github.com/local/cassonic/src/server/handler/subsonic/browse.go:598.26,600.3 1 0
github.com/local/cassonic/src/server/handler/subsonic/browse.go:602.2,602.48 1 1
github.com/local/cassonic/src/server/handler/subsonic/browse.go:602.48,604.3 1 1
github.com/local/cassonic/src/server/handler/subsonic/browse.go:608.70,610.21 2 1
github.com/local/cassonic/src/server/handler/subsonic/browse.go:610.21,613.3 2 1
github.com/local/cassonic/src/server/handler/subsonic/browse.go:615.2,616.16 2 1
github.com/local/cassonic/src/server/handler/subsonic/browse.go:616.16,619.3 2 1
github.com/local/cassonic/src/server/handler/subsonic/browse.go:621.2,622.36 2 1
github.com/local/cassonic/src/server/handler/subsonic/browse.go:622.36,624.3 1 1
github.com/local/cassonic/src/server/handler/subsonic/browse.go:626.2,627.36 2 1
github.com/local/cassonic/src/server/handler/subsonic/browse.go:627.36,629.3 1 1
github.com/local/cassonic/src/server/handler/subsonic/browse.go:631.2,632.34 2 1
github.com/local/cassonic/src/server/handler/subsonic/browse.go:632.34,634.3 1 1
github.com/local/cassonic/src/server/handler/subsonic/browse.go:636.2,636.48 1 1
github.com/local/cassonic/src/server/handler/subsonic/browse.go:636.48,642.3 1 1
github.com/local/cassonic/src/server/handler/subsonic/browse.go:646.71,648.21 2 1
github.com/local/cassonic/src/server/handler/subsonic/browse.go:648.21,651.3 2 0
github.com/local/cassonic/src/server/handler/subsonic/browse.go:653.2,654.16 2 1
github.com/local/cassonic/src/server/handler/subsonic/browse.go:654.16,657.3 2 0
github.com/local/cassonic/src/server/handler/subsonic/browse.go:659.2,660.36 2 1
github.com/local/cassonic/src/server/handler/subsonic/browse.go:660.36,662.3 1 1
github.com/local/cassonic/src/server/handler/subsonic/browse.go:664.2,665.36 2 1
github.com/local/cassonic/src/server/handler/subsonic/browse.go:665.36,667.3 1 1
github.com/local/cassonic/src/server/handler/subsonic/browse.go:669.2,670.34 2 1
github.com/local/cassonic/src/server/handler/subsonic/browse.go:670.34,672.3 1 1
github.com/local/cassonic/src/server/handler/subsonic/browse.go:674.2,674.48 1 1
github.com/local/cassonic/src/server/handler/subsonic/browse.go:674.48,680.3 1 1
github.com/local/cassonic/src/server/handler/subsonic/browse.go:684.73,686.21 2 1
github.com/local/cassonic/src/server/handler/subsonic/browse.go:686.21,689.3 2 0
github.com/local/cassonic/src/server/handler/subsonic/browse.go:691.2,693.28 3 1
github.com/local/cassonic/src/server/handler/subsonic/browse.go:693.28,707.3 2 1
github.com/local/cassonic/src/server/handler/subsonic/browse.go:709.2,709.48 1 1
github.com/local/cassonic/src/server/handler/subsonic/browse.go:709.48,711.3 1 1
github.com/local/cassonic/src/server/handler/subsonic/browse.go:715.69,717.21 2 1
github.com/local/cassonic/src/server/handler/subsonic/browse.go:717.21,720.3 2 0
github.com/local/cassonic/src/server/handler/subsonic/browse.go:721.2,721.48 1 1
github.com/local/cassonic/src/server/handler/subsonic/browse.go:721.48,723.3 1 1
github.com/local/cassonic/src/server/handler/subsonic/browse.go:727.72,729.21 2 1
github.com/local/cassonic/src/server/handler/subsonic/browse.go:729.21,732.3 2 0
github.com/local/cassonic/src/server/handler/subsonic/browse.go:733.2,733.57 1 1
github.com/local/cassonic/src/server/handler/subsonic/browse.go:737.73,739.21 2 1
github.com/local/cassonic/src/server/handler/subsonic/browse.go:739.21,742.3 2 0
github.com/local/cassonic/src/server/handler/subsonic/browse.go:744.2,745.14 2 1
github.com/local/cassonic/src/server/handler/subsonic/browse.go:745.14,748.3 2 1
github.com/local/cassonic/src/server/handler/subsonic/browse.go:750.2,751.16 2 1
github.com/local/cassonic/src/server/handler/subsonic/browse.go:751.16,754.3 2 0
github.com/local/cassonic/src/server/handler/subsonic/browse.go:756.2,757.33 2 1
github.com/local/cassonic/src/server/handler/subsonic/browse.go:757.33,760.3 2 1
github.com/local/cassonic/src/server/handler/subsonic/browse.go:762.2,762.48 1 0
github.com/local/cassonic/src/server/handler/subsonic/browse.go:762.48,767.3 1 0
github.com/local/cassonic/src/server/handler/subsonic/browse.go:771.74,773.21 2 1
github.com/local/cassonic/src/server/handler/subsonic/browse.go:773.21,776.3 2 0
github.com/local/cassonic/src/server/handler/subsonic/browse.go:778.2,779.14 2 1
github.com/local/cassonic/src/server/handler/subsonic/browse.go:779.14,782.3 2 0
github.com/local/cassonic/src/server/handler/subsonic/browse.go:784.2,785.16 2 1
github.com/local/cassonic/src/server/handler/subsonic/browse.go:785.16,788.3 2 0
github.com/local/cassonic/src/server/handler/subsonic/browse.go:790.2,791.33 2 1
github.com/local/cassonic/src/server/handler/subsonic/browse.go:791.33,794.3 2 1
github.com/local/cassonic/src/server/handler/subsonic/browse.go:796.2,796.48 1 0
github.com/local/cassonic/src/server/handler/subsonic/browse.go:796.48,803.3 1 0
github.com/local/cassonic/src/server/handler/subsonic/browse.go:807.72,809.21 2 1
github.com/local/cassonic/src/server/handler/subsonic/browse.go:809.21,812.3 2 0
github.com/local/cassonic/src/server/handler/subsonic/browse.go:814.2,815.14 2 1
github.com/local/cassonic/src/server/handler/subsonic/browse.go:815.14,818.3 2 1
github.com/local/cassonic/src/server/handler/subsonic/browse.go:820.2,821.16 2 0
github.com/local/cassonic/src/server/handler/subsonic/browse.go:821.16,824.3 2 0
github.com/local/cassonic/src/server/handler/subsonic/browse.go:826.2,827.32 2 0
github.com/local/cassonic/src/server/handler/subsonic/browse.go:827.32,830.3 2 0
github.com/local/cassonic/src/server/handler/subsonic/browse.go:832.2,832.48 1 0
github.com/local/cassonic/src/server/handler/subsonic/browse.go:832.48,836.3 1 0
github.com/local/cassonic/src/server/handler/subsonic/browse.go:840.73,842.2 1 1
github.com/local/cassonic/src/server/handler/subsonic/browse.go:845.75,847.21 2 1
github.com/local/cassonic/src/server/handler/subsonic/browse.go:847.21,850.3 2 0
github.com/local/cassonic/src/server/handler/subsonic/browse.go:852.2,853.14 2 1
github.com/local/cassonic/src/server/handler/subsonic/browse.go:853.14,856.3 2 1
github.com/local/cassonic/src/server/handler/subsonic/browse.go:858.2,861.16 3 1
github.com/local/cassonic/src/server/handler/subsonic/browse.go:861.16,864.3 2 0
github.com/local/cassonic/src/server/handler/subsonic/browse.go:866.2,867.31 2 1
github.com/local/cassonic/src/server/handler/subsonic/browse.go:867.31,870.3 2 1
github.com/local/cassonic/src/server/handler/subsonic/browse.go:872.2,873.16 2 0
github.com/local/cassonic/src/server/handler/subsonic/browse.go:873.16,876.3 2 0
github.com/local/cassonic/src/server/handler/subsonic/browse.go:878.2,879.28 2 0
github.com/local/cassonic/src/server/handler/subsonic/browse.go:879.28,880.22 1 0
github.com/local/cassonic/src/server/handler/subsonic/browse.go:880.22,882.4 1 0
github.com/local/cassonic/src/server/handler/subsonic/browse.go:885.2,885.48 1 0
github.com/local/cassonic/src/server/handler/subsonic/browse.go:885.48,887.3 1 0
github.com/local/cassonic/src/server/handler/subsonic/browse.go:891.76,893.21 2 1
github.com/local/cassonic/src/server/handler/subsonic/browse.go:893.21,896.3 2 0
github.com/local/cassonic/src/server/handler/subsonic/browse.go:898.2,899.14 2 1
github.com/local/cassonic/src/server/handler/subsonic/browse.go:899.14,902.3 2 0
github.com/local/cassonic/src/server/handler/subsonic/browse.go:904.2,907.16 3 1
github.com/local/cassonic/src/server/handler/subsonic/browse.go:907.16,910.3 2 0
github.com/local/cassonic/src/server/handler/subsonic/browse.go:912.2,913.33 2 1
github.com/local/cassonic/src/server/handler/subsonic/browse.go:913.33,916.3 2 1
github.com/local/cassonic/src/server/handler/subsonic/browse.go:918.2,919.35 2 0
github.com/local/cassonic/src/server/handler/subsonic/browse.go:919.35,920.49 1 0
github.com/local/cassonic/src/server/handler/subsonic/browse.go:920.49,922.4 1 0
github.com/local/cassonic/src/server/handler/subsonic/browse.go:923.3,923.9 1 0
github.com/local/cassonic/src/server/handler/subsonic/browse.go:926.2,928.16 3 0
github.com/local/cassonic/src/server/handler/subsonic/browse.go:928.16,931.3 2 0
github.com/local/cassonic/src/server/handler/subsonic/browse.go:933.2,934.28 2 0
github.com/local/cassonic/src/server/handler/subsonic/browse.go:934.28,936.3 1 0
github.com/local/cassonic/src/server/handler/subsonic/browse.go:938.2,938.48 1 0
github.com/local/cassonic/src/server/handler/subsonic/browse.go:938.48,940.3 1 0
github.com/local/cassonic/src/server/handler/subsonic/browse.go:944.71,946.21 2 1
github.com/local/cassonic/src/server/handler/subsonic/browse.go:946.21,949.3 2 0
github.com/local/cassonic/src/server/handler/subsonic/browse.go:951.2,952.22 2 1
github.com/local/cassonic/src/server/handler/subsonic/browse.go:952.22,955.3 2 1
github.com/local/cassonic/src/server/handler/subsonic/browse.go:957.2,961.33 4 1
github.com/local/cassonic/src/server/handler/subsonic/browse.go:961.33,962.49 1 1
github.com/local/cassonic/src/server/handler/subsonic/browse.go:962.49,964.4 1 1
github.com/local/cassonic/src/server/handler/subsonic/browse.go:965.3,965.9 1 1
github.com/local/cassonic/src/server/handler/subsonic/browse.go:968.2,969.16 2 0
github.com/local/cassonic/src/server/handler/subsonic/browse.go:969.16,972.3 2 0
github.com/local/cassonic/src/server/handler/subsonic/browse.go:976.2,976.40 1 0
github.com/local/cassonic/src/server/handler/subsonic/browse.go:976.40,978.3 1 0
github.com/local/cassonic/src/server/handler/subsonic/browse.go:980.2,980.24 1 0
github.com/local/cassonic/src/server/handler/subsonic/browse.go:980.24,982.3 1 0
github.com/local/cassonic/src/server/handler/subsonic/browse.go:984.2,985.26 2 0
github.com/local/cassonic/src/server/handler/subsonic/browse.go:985.26,987.3 1 0
github.com/local/cassonic/src/server/handler/subsonic/browse.go:989.2,989.48 1 0
github.com/local/cassonic/src/server/handler/subsonic/browse.go:989.48,991.3 1 0
github.com/local/cassonic/src/server/handler/subsonic/browse.go:996.44,999.21 3 1
github.com/local/cassonic/src/server/handler/subsonic/browse.go:999.21,1001.3 1 1
github.com/local/cassonic/src/server/handler/subsonic/browse.go:1002.2,1003.24 2 1
github.com/local/cassonic/src/server/handler/subsonic/browse.go:1003.24,1005.3 1 1
github.com/local/cassonic/src/server/handler/subsonic/browse.go:1006.2,1006.25 1 1
github.com/local/cassonic/src/server/handler/subsonic/browse.go:1006.25,1008.3 1 1
github.com/local/cassonic/src/server/handler/subsonic/browse.go:1009.2,1009.12 1 0
github.com/local/cassonic/src/server/handler/subsonic/browse.go:1013.46,1015.56 2 1
github.com/local/cassonic/src/server/handler/subsonic/browse.go:1015.56,1016.40 1 1
github.com/local/cassonic/src/server/handler/subsonic/browse.go:1016.40,1018.4 1 1
github.com/local/cassonic/src/server/handler/subsonic/browse.go:1020.2,1020.13 1 1
github.com/local/cassonic/src/server/handler/subsonic/browse.go:1024.39,1048.2 2 1
github.com/local/cassonic/src/server/handler/subsonic/browse.go:1051.42,1066.2 1 1
github.com/local/cassonic/src/server/handler/subsonic/browse.go:1069.43,1075.2 1 1
github.com/local/cassonic/src/server/handler/subsonic/browse.go:1078.50,1084.2 1 1
github.com/local/cassonic/src/server/handler/subsonic/browse.go:1087.48,1099.2 1 1
github.com/local/cassonic/src/server/handler/subsonic/browse.go:1102.52,1103.13 1 1
github.com/local/cassonic/src/server/handler/subsonic/browse.go:1103.13,1105.3 1 1
github.com/local/cassonic/src/server/handler/subsonic/browse.go:1106.2,1107.16 2 1
github.com/local/cassonic/src/server/handler/subsonic/browse.go:1107.16,1109.3 1 1
github.com/local/cassonic/src/server/handler/subsonic/browse.go:1110.2,1110.10 1 1
github.com/local/cassonic/src/server/handler/subsonic/browse.go:1114.34,1115.16 1 1
github.com/local/cassonic/src/server/handler/subsonic/browse.go:1115.16,1117.3 1 1
github.com/local/cassonic/src/server/handler/subsonic/browse.go:1118.2,1118.37 1 0
github.com/local/cassonic/src/server/handler/subsonic/crypto.go:24.52,26.43 2 1
github.com/local/cassonic/src/server/handler/subsonic/crypto.go:26.43,28.3 1 0
github.com/local/cassonic/src/server/handler/subsonic/crypto.go:30.2,46.8 4 1
github.com/local/cassonic/src/server/handler/subsonic/crypto.go:51.59,54.47 2 1
github.com/local/cassonic/src/server/handler/subsonic/crypto.go:54.47,56.3 1 1
github.com/local/cassonic/src/server/handler/subsonic/crypto.go:58.2,61.16 4 1
github.com/local/cassonic/src/server/handler/subsonic/crypto.go:61.16,63.3 1 0
github.com/local/cassonic/src/server/handler/subsonic/crypto.go:65.2,66.16 2 1
github.com/local/cassonic/src/server/handler/subsonic/crypto.go:66.16,68.3 1 0
github.com/local/cassonic/src/server/handler/subsonic/crypto.go:70.2,71.16 2 1
github.com/local/cassonic/src/server/handler/subsonic/crypto.go:71.16,73.3 1 0
github.com/local/cassonic/src/server/handler/subsonic/crypto.go:75.2,84.66 2 1
github.com/local/cassonic/src/server/handler/subsonic/ids.go:22.36,24.2 1 1
github.com/local/cassonic/src/server/handler/subsonic/ids.go:27.37,29.2 1 1
github.com/local/cassonic/src/server/handler/subsonic/ids.go:32.38,34.2 1 1
github.com/local/cassonic/src/server/handler/subsonic/ids.go:37.39,39.2 1 1
github.com/local/cassonic/src/server/handler/subsonic/ids.go:42.37,44.2 1 1
github.com/local/cassonic/src/server/handler/subsonic/ids.go:48.65,52.4 1 1
github.com/local/cassonic/src/server/handler/subsonic/ids.go:52.4,53.31 1 1
github.com/local/cassonic/src/server/handler/subsonic/ids.go:53.31,56.23 3 1
github.com/local/cassonic/src/server/handler/subsonic/ids.go:56.23,58.5 1 1
github.com/local/cassonic/src/server/handler/subsonic/ids.go:59.4,59.20 1 1
github.com/local/cassonic/src/server/handler/subsonic/ids.go:63.2,64.21 2 1
github.com/local/cassonic/src/server/handler/subsonic/ids.go:64.21,66.3 1 1
github.com/local/cassonic/src/server/handler/subsonic/ids.go:67.2,67.19 1 1
github.com/local/cassonic/src/server/handler/subsonic/ids.go:71.45,74.2 2 1
github.com/local/cassonic/src/server/handler/subsonic/ids.go:77.46,80.2 2 1
github.com/local/cassonic/src/server/handler/subsonic/ids.go:83.47,86.2 2 1
github.com/local/cassonic/src/server/handler/subsonic/ids.go:89.48,92.2 2 1
github.com/local/cassonic/src/server/handler/subsonic/ids.go:95.46,98.2 2 1
github.com/local/cassonic/src/server/handler/subsonic/nowplaying.go:28.48,32.2 1 1
github.com/local/cassonic/src/server/handler/subsonic/nowplaying.go:35.62,43.2 6 1
github.com/local/cassonic/src/server/handler/subsonic/nowplaying.go:46.54,50.2 3 1
github.com/local/cassonic/src/server/handler/subsonic/nowplaying.go:53.54,58.30 4 1
github.com/local/cassonic/src/server/handler/subsonic/nowplaying.go:58.30,62.3 3 1
github.com/local/cassonic/src/server/handler/subsonic/nowplaying.go:63.2,65.15 2 1
github.com/local/cassonic/src/server/handler/subsonic/nowplaying.go:69.68,74.14 4 1
github.com/local/cassonic/src/server/handler/subsonic/nowplaying.go:74.14,76.3 1 1
github.com/local/cassonic/src/server/handler/subsonic/nowplaying.go:77.2,79.14 3 1
github.com/local/cassonic/src/server/handler/subsonic/nowplaying.go:83.36,85.2 1 1
github.com/local/cassonic/src/server/handler/subsonic/nowplaying.go:88.33,89.12 1 1
github.com/local/cassonic/src/server/handler/subsonic/nowplaying.go:89.12,91.3 1 0
github.com/local/cassonic/src/server/handler/subsonic/nowplaying.go:92.2,93.9 2 1
github.com/local/cassonic/src/server/handler/subsonic/nowplaying.go:93.9,95.3 1 0
github.com/local/cassonic/src/server/handler/subsonic/nowplaying.go:96.2,98.12 3 1
github.com/local/cassonic/src/server/handler/subsonic/nowplaying.go:98.12,102.3 3 1
github.com/local/cassonic/src/server/handler/subsonic/nowplaying.go:103.2,103.9 1 1
github.com/local/cassonic/src/server/handler/subsonic/nowplaying.go:103.9,106.3 2 0
github.com/local/cassonic/src/server/handler/subsonic/nowplaying.go:107.2,107.26 1 1
github.com/local/cassonic/src/server/handler/subsonic/playlists.go:16.72,18.21 2 1
github.com/local/cassonic/src/server/handler/subsonic/playlists.go:18.21,21.3 2 1
github.com/local/cassonic/src/server/handler/subsonic/playlists.go:23.2,26.65 3 1
github.com/local/cassonic/src/server/handler/subsonic/playlists.go:26.65,27.24 1 1
github.com/local/cassonic/src/server/handler/subsonic/playlists.go:27.24,30.4 2 1
github.com/local/cassonic/src/server/handler/subsonic/playlists.go:31.3,32.29 2 1
github.com/local/cassonic/src/server/handler/subsonic/playlists.go:32.29,35.4 2 1
github.com/local/cassonic/src/server/handler/subsonic/playlists.go:36.3,36.16 1 1
github.com/local/cassonic/src/server/handler/subsonic/playlists.go:37.8,39.3 1 1
github.com/local/cassonic/src/server/handler/subsonic/playlists.go:41.2,42.16 2 1
github.com/local/cassonic/src/server/handler/subsonic/playlists.go:42.16,45.3 2 1
github.com/local/cassonic/src/server/handler/subsonic/playlists.go:47.2,48.26 2 1
github.com/local/cassonic/src/server/handler/subsonic/playlists.go:48.26,50.18 2 1
github.com/local/cassonic/src/server/handler/subsonic/playlists.go:50.18,52.4 1 1
github.com/local/cassonic/src/server/handler/subsonic/playlists.go:53.3,53.60 1 1
github.com/local/cassonic/src/server/handler/subsonic/playlists.go:56.2,56.48 1 1
github.com/local/cassonic/src/server/handler/subsonic/playlists.go:56.48,58.3 1 1
github.com/local/cassonic/src/server/handler/subsonic/playlists.go:62.71,64.21 2 1
github.com/local/cassonic/src/server/handler/subsonic/playlists.go:64.21,67.3 2 1
github.com/local/cassonic/src/server/handler/subsonic/playlists.go:69.2,70.14 2 1
github.com/local/cassonic/src/server/handler/subsonic/playlists.go:70.14,73.3 2 1
github.com/local/cassonic/src/server/handler/subsonic/playlists.go:75.2,76.16 2 1
github.com/local/cassonic/src/server/handler/subsonic/playlists.go:76.16,79.3 2 1
github.com/local/cassonic/src/server/handler/subsonic/playlists.go:81.2,83.29 3 1
github.com/local/cassonic/src/server/handler/subsonic/playlists.go:83.29,86.3 2 1
github.com/local/cassonic/src/server/handler/subsonic/playlists.go:88.2,88.67 1 1
github.com/local/cassonic/src/server/handler/subsonic/playlists.go:88.67,91.3 2 1
github.com/local/cassonic/src/server/handler/subsonic/playlists.go:93.2,94.16 2 1
github.com/local/cassonic/src/server/handler/subsonic/playlists.go:94.16,97.3 2 0
github.com/local/cassonic/src/server/handler/subsonic/playlists.go:99.2,100.37 2 1
github.com/local/cassonic/src/server/handler/subsonic/playlists.go:100.37,102.32 2 1
github.com/local/cassonic/src/server/handler/subsonic/playlists.go:102.32,103.12 1 1
github.com/local/cassonic/src/server/handler/subsonic/playlists.go:105.3,105.49 1 0
github.com/local/cassonic/src/server/handler/subsonic/playlists.go:108.2,109.48 2 1
github.com/local/cassonic/src/server/handler/subsonic/playlists.go:109.48,114.3 1 1
github.com/local/cassonic/src/server/handler/subsonic/playlists.go:118.74,120.21 2 1
github.com/local/cassonic/src/server/handler/subsonic/playlists.go:120.21,123.3 2 1
github.com/local/cassonic/src/server/handler/subsonic/playlists.go:125.2,129.16 4 1
github.com/local/cassonic/src/server/handler/subsonic/playlists.go:129.16,131.3 1 1
github.com/local/cassonic/src/server/handler/subsonic/playlists.go:133.2,141.16 3 1
github.com/local/cassonic/src/server/handler/subsonic/playlists.go:141.16,144.3 2 1
github.com/local/cassonic/src/server/handler/subsonic/playlists.go:146.2,146.22 1 1
github.com/local/cassonic/src/server/handler/subsonic/playlists.go:146.22,148.31 2 1
github.com/local/cassonic/src/server/handler/subsonic/playlists.go:148.31,150.18 2 1
github.com/local/cassonic/src/server/handler/subsonic/playlists.go:150.18,152.5 1 1
github.com/local/cassonic/src/server/handler/subsonic/playlists.go:154.3,154.71 1 1
github.com/local/cassonic/src/server/handler/subsonic/playlists.go:157.2,159.48 3 1
github.com/local/cassonic/src/server/handler/subsonic/playlists.go:159.48,161.3 1 1
github.com/local/cassonic/src/server/handler/subsonic/playlists.go:165.74,167.21 2 1
github.com/local/cassonic/src/server/handler/subsonic/playlists.go:167.21,170.3 2 1
github.com/local/cassonic/src/server/handler/subsonic/playlists.go:172.2,174.22 3 1
github.com/local/cassonic/src/server/handler/subsonic/playlists.go:174.22,177.3 2 1
github.com/local/cassonic/src/server/handler/subsonic/playlists.go:179.2,180.16 2 1
github.com/local/cassonic/src/server/handler/subsonic/playlists.go:180.16,183.3 2 0
github.com/local/cassonic/src/server/handler/subsonic/playlists.go:185.2,187.29 3 1
github.com/local/cassonic/src/server/handler/subsonic/playlists.go:187.29,190.3 2 1
github.com/local/cassonic/src/server/handler/subsonic/playlists.go:192.2,192.51 1 1
github.com/local/cassonic/src/server/handler/subsonic/playlists.go:192.51,195.3 2 1
github.com/local/cassonic/src/server/handler/subsonic/playlists.go:197.2,197.33 1 1
github.com/local/cassonic/src/server/handler/subsonic/playlists.go:197.33,199.3 1 1
github.com/local/cassonic/src/server/handler/subsonic/playlists.go:200.2,200.36 1 1
github.com/local/cassonic/src/server/handler/subsonic/playlists.go:200.36,202.3 1 1
github.com/local/cassonic/src/server/handler/subsonic/playlists.go:203.2,203.35 1 1
github.com/local/cassonic/src/server/handler/subsonic/playlists.go:203.35,205.3 1 1
github.com/local/cassonic/src/server/handler/subsonic/playlists.go:207.2,207.63 1 1
github.com/local/cassonic/src/server/handler/subsonic/playlists.go:207.63,210.3 2 1
github.com/local/cassonic/src/server/handler/subsonic/playlists.go:212.2,212.49 1 1
github.com/local/cassonic/src/server/handler/subsonic/playlists.go:212.49,214.30 2 1
github.com/local/cassonic/src/server/handler/subsonic/playlists.go:214.30,216.18 2 1
github.com/local/cassonic/src/server/handler/subsonic/playlists.go:216.18,218.5 1 1
github.com/local/cassonic/src/server/handler/subsonic/playlists.go:220.3,220.57 1 1
github.com/local/cassonic/src/server/handler/subsonic/playlists.go:223.2,223.63 1 1
github.com/local/cassonic/src/server/handler/subsonic/playlists.go:223.63,225.32 2 1
github.com/local/cassonic/src/server/handler/subsonic/playlists.go:225.32,227.18 2 1
github.com/local/cassonic/src/server/handler/subsonic/playlists.go:227.18,229.5 1 1
github.com/local/cassonic/src/server/handler/subsonic/playlists.go:231.3,231.60 1 1
github.com/local/cassonic/src/server/handler/subsonic/playlists.go:234.2,234.24 1 1
github.com/local/cassonic/src/server/handler/subsonic/playlists.go:238.74,240.21 2 1
github.com/local/cassonic/src/server/handler/subsonic/playlists.go:240.21,243.3 2 1
github.com/local/cassonic/src/server/handler/subsonic/playlists.go:245.2,246.14 2 1
github.com/local/cassonic/src/server/handler/subsonic/playlists.go:246.14,249.3 2 1
github.com/local/cassonic/src/server/handler/subsonic/playlists.go:251.2,252.16 2 1
github.com/local/cassonic/src/server/handler/subsonic/playlists.go:252.16,255.3 2 1
github.com/local/cassonic/src/server/handler/subsonic/playlists.go:257.2,259.29 3 1
github.com/local/cassonic/src/server/handler/subsonic/playlists.go:259.29,262.3 2 1
github.com/local/cassonic/src/server/handler/subsonic/playlists.go:264.2,264.51 1 1
github.com/local/cassonic/src/server/handler/subsonic/playlists.go:264.51,267.3 2 1
github.com/local/cassonic/src/server/handler/subsonic/playlists.go:269.2,269.65 1 1
github.com/local/cassonic/src/server/handler/subsonic/playlists.go:269.65,272.3 2 1
github.com/local/cassonic/src/server/handler/subsonic/playlists.go:274.2,274.24 1 1
github.com/local/cassonic/src/server/handler/subsonic/playlists.go:278.66,280.21 2 1
github.com/local/cassonic/src/server/handler/subsonic/playlists.go:280.21,283.3 2 1
github.com/local/cassonic/src/server/handler/subsonic/playlists.go:285.2,286.17 2 1
github.com/local/cassonic/src/server/handler/subsonic/playlists.go:286.17,288.3 1 1
github.com/local/cassonic/src/server/handler/subsonic/playlists.go:290.2,291.16 2 1
github.com/local/cassonic/src/server/handler/subsonic/playlists.go:291.16,294.3 2 0
github.com/local/cassonic/src/server/handler/subsonic/playlists.go:296.2,297.26 2 1
github.com/local/cassonic/src/server/handler/subsonic/playlists.go:297.26,299.3 1 0
github.com/local/cassonic/src/server/handler/subsonic/playlists.go:301.2,301.48 1 1
github.com/local/cassonic/src/server/handler/subsonic/playlists.go:301.48,307.3 1 1
github.com/local/cassonic/src/server/handler/subsonic/playlists.go:311.67,313.21 2 1
github.com/local/cassonic/src/server/handler/subsonic/playlists.go:313.21,316.3 2 0
github.com/local/cassonic/src/server/handler/subsonic/playlists.go:318.2,320.17 3 1
github.com/local/cassonic/src/server/handler/subsonic/playlists.go:320.17,323.3 2 1
github.com/local/cassonic/src/server/handler/subsonic/playlists.go:325.2,339.28 12 1
github.com/local/cassonic/src/server/handler/subsonic/playlists.go:339.28,341.3 1 0
github.com/local/cassonic/src/server/handler/subsonic/playlists.go:343.2,344.28 2 1
github.com/local/cassonic/src/server/handler/subsonic/playlists.go:344.28,346.3 1 0
github.com/local/cassonic/src/server/handler/subsonic/playlists.go:348.2,349.26 2 1
github.com/local/cassonic/src/server/handler/subsonic/playlists.go:349.26,351.3 1 0
github.com/local/cassonic/src/server/handler/subsonic/playlists.go:353.2,353.48 1 1
github.com/local/cassonic/src/server/handler/subsonic/playlists.go:353.48,359.3 1 1
github.com/local/cassonic/src/server/handler/subsonic/playlists.go:363.67,365.21 2 1
github.com/local/cassonic/src/server/handler/subsonic/playlists.go:365.21,368.3 2 0
github.com/local/cassonic/src/server/handler/subsonic/playlists.go:370.2,372.17 3 1
github.com/local/cassonic/src/server/handler/subsonic/playlists.go:372.17,375.3 2 1
github.com/local/cassonic/src/server/handler/subsonic/playlists.go:377.2,391.28 12 1
github.com/local/cassonic/src/server/handler/subsonic/playlists.go:391.28,393.3 1 0
github.com/local/cassonic/src/server/handler/subsonic/playlists.go:395.2,396.28 2 1
github.com/local/cassonic/src/server/handler/subsonic/playlists.go:396.28,398.3 1 0
github.com/local/cassonic/src/server/handler/subsonic/playlists.go:400.2,401.26 2 1
github.com/local/cassonic/src/server/handler/subsonic/playlists.go:401.26,403.3 1 0
github.com/local/cassonic/src/server/handler/subsonic/playlists.go:405.2,405.48 1 1
github.com/local/cassonic/src/server/handler/subsonic/playlists.go:405.48,411.3 1 1
github.com/local/cassonic/src/server/handler/subsonic/playlists.go:415.64,417.21 2 1
github.com/local/cassonic/src/server/handler/subsonic/playlists.go:417.21,420.3 2 1
github.com/local/cassonic/src/server/handler/subsonic/playlists.go:422.2,425.29 3 1
github.com/local/cassonic/src/server/handler/subsonic/playlists.go:425.29,427.17 2 1
github.com/local/cassonic/src/server/handler/subsonic/playlists.go:427.17,429.4 1 1
github.com/local/cassonic/src/server/handler/subsonic/playlists.go:431.2,431.34 1 1
github.com/local/cassonic/src/server/handler/subsonic/playlists.go:431.34,433.17 2 1
github.com/local/cassonic/src/server/handler/subsonic/playlists.go:433.17,435.4 1 1
github.com/local/cassonic/src/server/handler/subsonic/playlists.go:437.2,437.35 1 1
github.com/local/cassonic/src/server/handler/subsonic/playlists.go:437.35,439.17 2 1
github.com/local/cassonic/src/server/handler/subsonic/playlists.go:439.17,441.4 1 1
github.com/local/cassonic/src/server/handler/subsonic/playlists.go:444.2,444.24 1 1
github.com/local/cassonic/src/server/handler/subsonic/playlists.go:448.66,450.21 2 1
github.com/local/cassonic/src/server/handler/subsonic/playlists.go:450.21,453.3 2 1
github.com/local/cassonic/src/server/handler/subsonic/playlists.go:455.2,458.29 3 1
github.com/local/cassonic/src/server/handler/subsonic/playlists.go:458.29,460.17 2 1
github.com/local/cassonic/src/server/handler/subsonic/playlists.go:460.17,462.4 1 1
github.com/local/cassonic/src/server/handler/subsonic/playlists.go:464.2,464.34 1 1
github.com/local/cassonic/src/server/handler/subsonic/playlists.go:464.34,466.17 2 1
github.com/local/cassonic/src/server/handler/subsonic/playlists.go:466.17,468.4 1 1
github.com/local/cassonic/src/server/handler/subsonic/playlists.go:470.2,470.35 1 1
github.com/local/cassonic/src/server/handler/subsonic/playlists.go:470.35,472.17 2 1
github.com/local/cassonic/src/server/handler/subsonic/playlists.go:472.17,474.4 1 1
github.com/local/cassonic/src/server/handler/subsonic/playlists.go:477.2,477.24 1 1
github.com/local/cassonic/src/server/handler/subsonic/playlists.go:482.69,484.21 2 1
github.com/local/cassonic/src/server/handler/subsonic/playlists.go:484.21,487.3 2 1
github.com/local/cassonic/src/server/handler/subsonic/playlists.go:489.2,493.14 4 1
github.com/local/cassonic/src/server/handler/subsonic/playlists.go:493.14,496.3 2 1
github.com/local/cassonic/src/server/handler/subsonic/playlists.go:497.2,497.21 1 1
github.com/local/cassonic/src/server/handler/subsonic/playlists.go:497.21,500.3 2 1
github.com/local/cassonic/src/server/handler/subsonic/playlists.go:502.2,503.44 2 1
github.com/local/cassonic/src/server/handler/subsonic/playlists.go:503.44,506.3 2 1
github.com/local/cassonic/src/server/handler/subsonic/playlists.go:508.2,509.16 2 1
github.com/local/cassonic/src/server/handler/subsonic/playlists.go:509.16,512.3 2 1
github.com/local/cassonic/src/server/handler/subsonic/playlists.go:514.2,515.27 2 1
github.com/local/cassonic/src/server/handler/subsonic/playlists.go:515.27,517.3 1 1
github.com/local/cassonic/src/server/handler/subsonic/playlists.go:519.2,520.17 2 1
github.com/local/cassonic/src/server/handler/subsonic/playlists.go:520.17,522.3 1 1
github.com/local/cassonic/src/server/handler/subsonic/playlists.go:522.8,524.3 1 1
github.com/local/cassonic/src/server/handler/subsonic/playlists.go:526.2,526.24 1 1
github.com/local/cassonic/src/server/handler/subsonic/playlists.go:530.68,532.21 2 1
github.com/local/cassonic/src/server/handler/subsonic/playlists.go:532.21,535.3 2 1
github.com/local/cassonic/src/server/handler/subsonic/playlists.go:537.2,539.14 3 1
github.com/local/cassonic/src/server/handler/subsonic/playlists.go:539.14,542.3 2 1
github.com/local/cassonic/src/server/handler/subsonic/playlists.go:544.2,545.16 2 1
github.com/local/cassonic/src/server/handler/subsonic/playlists.go:545.16,548.3 2 1
github.com/local/cassonic/src/server/handler/subsonic/playlists.go:550.2,551.39 2 1
github.com/local/cassonic/src/server/handler/subsonic/playlists.go:551.39,553.3 1 1
github.com/local/cassonic/src/server/handler/subsonic/playlists.go:555.2,555.17 1 1
github.com/local/cassonic/src/server/handler/subsonic/playlists.go:555.17,558.3 2 1
github.com/local/cassonic/src/server/handler/subsonic/playlists.go:560.2,561.35 2 1
github.com/local/cassonic/src/server/handler/subsonic/playlists.go:561.35,562.58 1 1
github.com/local/cassonic/src/server/handler/subsonic/playlists.go:562.58,564.4 1 1
github.com/local/cassonic/src/server/handler/subsonic/playlists.go:566.2,566.23 1 1
github.com/local/cassonic/src/server/handler/subsonic/playlists.go:566.23,568.3 1 0
github.com/local/cassonic/src/server/handler/subsonic/playlists.go:570.2,578.24 2 1
github.com/local/cassonic/src/server/handler/subsonic/playlists.go:582.69,584.21 2 1
github.com/local/cassonic/src/server/handler/subsonic/playlists.go:584.21,587.3 2 1
github.com/local/cassonic/src/server/handler/subsonic/playlists.go:588.2,588.48 1 1
github.com/local/cassonic/src/server/handler/subsonic/playlists.go:588.48,590.3 1 1
github.com/local/cassonic/src/server/handler/subsonic/playlists.go:594.71,596.21 2 1
github.com/local/cassonic/src/server/handler/subsonic/playlists.go:596.21,599.3 2 1
github.com/local/cassonic/src/server/handler/subsonic/playlists.go:600.2,600.48 1 1
github.com/local/cassonic/src/server/handler/subsonic/playlists.go:600.48,602.3 1 1
github.com/local/cassonic/src/server/handler/subsonic/playlists.go:606.71,608.21 2 1
github.com/local/cassonic/src/server/handler/subsonic/playlists.go:608.21,611.3 2 1
github.com/local/cassonic/src/server/handler/subsonic/playlists.go:612.2,612.24 1 1
github.com/local/cassonic/src/server/handler/subsonic/playlists.go:616.71,618.21 2 1
github.com/local/cassonic/src/server/handler/subsonic/playlists.go:618.21,621.3 2 1
github.com/local/cassonic/src/server/handler/subsonic/playlists.go:622.2,622.24 1 1
github.com/local/cassonic/src/server/handler/subsonic/playlists.go:626.72,628.21 2 1
github.com/local/cassonic/src/server/handler/subsonic/playlists.go:628.21,631.3 2 1
github.com/local/cassonic/src/server/handler/subsonic/playlists.go:633.2,634.16 2 1
github.com/local/cassonic/src/server/handler/subsonic/playlists.go:634.16,637.3 2 0
github.com/local/cassonic/src/server/handler/subsonic/playlists.go:639.2,640.31 2 1
github.com/local/cassonic/src/server/handler/subsonic/playlists.go:640.31,642.32 2 0
github.com/local/cassonic/src/server/handler/subsonic/playlists.go:642.32,643.12 1 0
github.com/local/cassonic/src/server/handler/subsonic/playlists.go:645.3,652.5 2 0
github.com/local/cassonic/src/server/handler/subsonic/playlists.go:655.2,655.48 1 1
github.com/local/cassonic/src/server/handler/subsonic/playlists.go:655.48,657.3 1 1
github.com/local/cassonic/src/server/handler/subsonic/playlists.go:661.74,663.21 2 1
github.com/local/cassonic/src/server/handler/subsonic/playlists.go:663.21,666.3 2 1
github.com/local/cassonic/src/server/handler/subsonic/playlists.go:668.2,670.14 3 1
github.com/local/cassonic/src/server/handler/subsonic/playlists.go:670.14,673.3 2 1
github.com/local/cassonic/src/server/handler/subsonic/playlists.go:675.2,676.18 2 1
github.com/local/cassonic/src/server/handler/subsonic/playlists.go:676.18,679.3 2 1
github.com/local/cassonic/src/server/handler/subsonic/playlists.go:681.2,682.16 2 1
github.com/local/cassonic/src/server/handler/subsonic/playlists.go:682.16,685.3 2 1
github.com/local/cassonic/src/server/handler/subsonic/playlists.go:687.2,688.16 2 1
github.com/local/cassonic/src/server/handler/subsonic/playlists.go:688.16,691.3 2 1
github.com/local/cassonic/src/server/handler/subsonic/playlists.go:693.2,701.67 2 1
github.com/local/cassonic/src/server/handler/subsonic/playlists.go:701.67,704.3 2 1
github.com/local/cassonic/src/server/handler/subsonic/playlists.go:706.2,706.24 1 0
github.com/local/cassonic/src/server/handler/subsonic/playlists.go:710.74,712.21 2 1
github.com/local/cassonic/src/server/handler/subsonic/playlists.go:712.21,715.3 2 1
github.com/local/cassonic/src/server/handler/subsonic/playlists.go:717.2,718.14 2 1
github.com/local/cassonic/src/server/handler/subsonic/playlists.go:718.14,721.3 2 1
github.com/local/cassonic/src/server/handler/subsonic/playlists.go:723.2,724.16 2 1
github.com/local/cassonic/src/server/handler/subsonic/playlists.go:724.16,727.3 2 1
github.com/local/cassonic/src/server/handler/subsonic/playlists.go:729.2,730.24 2 1
github.com/local/cassonic/src/server/handler/subsonic/playlists.go:734.72,736.21 2 1
github.com/local/cassonic/src/server/handler/subsonic/playlists.go:736.21,739.3 2 1
github.com/local/cassonic/src/server/handler/subsonic/playlists.go:741.2,742.16 2 1
github.com/local/cassonic/src/server/handler/subsonic/playlists.go:742.16,745.3 2 0
github.com/local/cassonic/src/server/handler/subsonic/playlists.go:747.2,747.15 1 1
github.com/local/cassonic/src/server/handler/subsonic/playlists.go:747.15,748.49 1 1
github.com/local/cassonic/src/server/handler/subsonic/playlists.go:748.49,750.4 1 1
github.com/local/cassonic/src/server/handler/subsonic/playlists.go:751.3,751.9 1 1
github.com/local/cassonic/src/server/handler/subsonic/playlists.go:754.2,756.28 3 0
github.com/local/cassonic/src/server/handler/subsonic/playlists.go:756.28,758.32 2 0
github.com/local/cassonic/src/server/handler/subsonic/playlists.go:758.32,759.12 1 0
github.com/local/cassonic/src/server/handler/subsonic/playlists.go:761.3,761.49 1 0
github.com/local/cassonic/src/server/handler/subsonic/playlists.go:764.2,764.48 1 0
github.com/local/cassonic/src/server/handler/subsonic/playlists.go:764.48,773.3 1 0
github.com/local/cassonic/src/server/handler/subsonic/playlists.go:777.73,779.21 2 1
github.com/local/cassonic/src/server/handler/subsonic/playlists.go:779.21,782.3 2 1
github.com/local/cassonic/src/server/handler/subsonic/playlists.go:784.2,790.21 6 1
github.com/local/cassonic/src/server/handler/subsonic/playlists.go:790.21,792.3 1 1
github.com/local/cassonic/src/server/handler/subsonic/playlists.go:794.2,795.23 2 1
github.com/local/cassonic/src/server/handler/subsonic/playlists.go:795.23,797.3 1 1
github.com/local/cassonic/src/server/handler/subsonic/playlists.go:799.2,807.30 3 1
github.com/local/cassonic/src/server/handler/subsonic/playlists.go:807.30,809.17 2 1
github.com/local/cassonic/src/server/handler/subsonic/playlists.go:809.17,814.4 1 1
github.com/local/cassonic/src/server/handler/subsonic/playlists.go:817.2,817.78 1 1
github.com/local/cassonic/src/server/handler/subsonic/playlists.go:817.78,820.3 2 1
github.com/local/cassonic/src/server/handler/subsonic/playlists.go:822.2,822.24 1 0
github.com/local/cassonic/src/server/handler/subsonic/playlists.go:826.75,828.21 2 1
github.com/local/cassonic/src/server/handler/subsonic/playlists.go:828.21,831.3 2 1
github.com/local/cassonic/src/server/handler/subsonic/playlists.go:833.2,834.46 2 1
github.com/local/cassonic/src/server/handler/subsonic/playlists.go:834.46,835.57 1 1
github.com/local/cassonic/src/server/handler/subsonic/playlists.go:835.57,837.4 1 1
github.com/local/cassonic/src/server/handler/subsonic/playlists.go:840.2,841.16 2 1
github.com/local/cassonic/src/server/handler/subsonic/playlists.go:841.16,844.3 2 1
github.com/local/cassonic/src/server/handler/subsonic/playlists.go:846.2,847.29 2 1
github.com/local/cassonic/src/server/handler/subsonic/playlists.go:847.29,853.3 1 1
github.com/local/cassonic/src/server/handler/subsonic/playlists.go:855.2,855.48 1 1
github.com/local/cassonic/src/server/handler/subsonic/playlists.go:855.48,857.3 1 1
github.com/local/cassonic/src/server/handler/subsonic/playlists.go:861.74,863.21 2 1
github.com/local/cassonic/src/server/handler/subsonic/playlists.go:863.21,866.3 2 1
github.com/local/cassonic/src/server/handler/subsonic/playlists.go:868.2,869.19 2 1
github.com/local/cassonic/src/server/handler/subsonic/playlists.go:869.19,872.3 2 1
github.com/local/cassonic/src/server/handler/subsonic/playlists.go:874.2,880.63 2 1
github.com/local/cassonic/src/server/handler/subsonic/playlists.go:880.63,883.3 2 1
github.com/local/cassonic/src/server/handler/subsonic/playlists.go:885.2,885.24 1 1
github.com/local/cassonic/src/server/handler/subsonic/playlists.go:889.74,901.2 1 1
github.com/local/cassonic/src/server/handler/subsonic/podcast.go:12.71,14.21 2 1
github.com/local/cassonic/src/server/handler/subsonic/podcast.go:14.21,17.3 2 1
github.com/local/cassonic/src/server/handler/subsonic/podcast.go:19.2,26.30 6 1
github.com/local/cassonic/src/server/handler/subsonic/podcast.go:26.30,27.21 1 0
github.com/local/cassonic/src/server/handler/subsonic/podcast.go:27.21,29.35 2 0
github.com/local/cassonic/src/server/handler/subsonic/podcast.go:29.35,30.13 1 0
github.com/local/cassonic/src/server/handler/subsonic/podcast.go:33.3,34.22 2 0
github.com/local/cassonic/src/server/handler/subsonic/podcast.go:34.22,36.4 1 0
github.com/local/cassonic/src/server/handler/subsonic/podcast.go:37.3,37.42 1 0
github.com/local/cassonic/src/server/handler/subsonic/podcast.go:40.2,40.48 1 1
github.com/local/cassonic/src/server/handler/subsonic/podcast.go:40.48,42.3 1 1
github.com/local/cassonic/src/server/handler/subsonic/podcast.go:46.77,48.21 2 1
github.com/local/cassonic/src/server/handler/subsonic/podcast.go:48.21,51.3 2 1
github.com/local/cassonic/src/server/handler/subsonic/podcast.go:53.2,57.30 4 1
github.com/local/cassonic/src/server/handler/subsonic/podcast.go:57.30,60.3 2 0
github.com/local/cassonic/src/server/handler/subsonic/podcast.go:62.2,62.46 1 1
github.com/local/cassonic/src/server/handler/subsonic/podcast.go:62.46,64.3 1 0
github.com/local/cassonic/src/server/handler/subsonic/podcast.go:66.2,66.30 1 1
github.com/local/cassonic/src/server/handler/subsonic/podcast.go:66.30,68.3 1 0
github.com/local/cassonic/src/server/handler/subsonic/podcast.go:70.2,70.48 1 1
github.com/local/cassonic/src/server/handler/subsonic/podcast.go:70.48,72.3 1 1
github.com/local/cassonic/src/server/handler/subsonic/podcast.go:76.75,78.21 2 1
github.com/local/cassonic/src/server/handler/subsonic/podcast.go:78.21,81.3 2 1
github.com/local/cassonic/src/server/handler/subsonic/podcast.go:82.2,82.23 1 1
github.com/local/cassonic/src/server/handler/subsonic/podcast.go:82.23,85.3 2 1
github.com/local/cassonic/src/server/handler/subsonic/podcast.go:86.2,86.24 1 1
github.com/local/cassonic/src/server/handler/subsonic/podcast.go:90.80,92.21 2 1
github.com/local/cassonic/src/server/handler/subsonic/podcast.go:92.21,95.3 2 0
github.com/local/cassonic/src/server/handler/subsonic/podcast.go:96.2,96.23 1 1
github.com/local/cassonic/src/server/handler/subsonic/podcast.go:96.23,99.3 2 1
github.com/local/cassonic/src/server/handler/subsonic/podcast.go:101.2,102.15 2 1
github.com/local/cassonic/src/server/handler/subsonic/podcast.go:102.15,105.3 2 1
github.com/local/cassonic/src/server/handler/subsonic/podcast.go:107.2,107.24 1 1
github.com/local/cassonic/src/server/handler/subsonic/podcast.go:111.80,113.21 2 1
github.com/local/cassonic/src/server/handler/subsonic/podcast.go:113.21,116.3 2 0
github.com/local/cassonic/src/server/handler/subsonic/podcast.go:117.2,117.23 1 1
github.com/local/cassonic/src/server/handler/subsonic/podcast.go:117.23,120.3 2 1
github.com/local/cassonic/src/server/handler/subsonic/podcast.go:122.2,123.14 2 1
github.com/local/cassonic/src/server/handler/subsonic/podcast.go:123.14,126.3 2 1
github.com/local/cassonic/src/server/handler/subsonic/podcast.go:128.2,128.24 1 1
github.com/local/cassonic/src/server/handler/subsonic/podcast.go:132.80,134.21 2 1
github.com/local/cassonic/src/server/handler/subsonic/podcast.go:134.21,137.3 2 0
github.com/local/cassonic/src/server/handler/subsonic/podcast.go:138.2,138.23 1 1
github.com/local/cassonic/src/server/handler/subsonic/podcast.go:138.23,141.3 2 1
github.com/local/cassonic/src/server/handler/subsonic/podcast.go:143.2,144.14 2 1
github.com/local/cassonic/src/server/handler/subsonic/podcast.go:144.14,147.3 2 1
github.com/local/cassonic/src/server/handler/subsonic/podcast.go:149.2,149.24 1 0
github.com/local/cassonic/src/server/handler/subsonic/podcast.go:153.82,155.21 2 1
github.com/local/cassonic/src/server/handler/subsonic/podcast.go:155.21,158.3 2 1
github.com/local/cassonic/src/server/handler/subsonic/podcast.go:159.2,159.23 1 1
github.com/local/cassonic/src/server/handler/subsonic/podcast.go:159.23,162.3 2 0
github.com/local/cassonic/src/server/handler/subsonic/podcast.go:164.2,165.14 2 1
github.com/local/cassonic/src/server/handler/subsonic/podcast.go:165.14,168.3 2 1
github.com/local/cassonic/src/server/handler/subsonic/podcast.go:170.2,170.24 1 1
github.com/local/cassonic/src/server/handler/subsonic/podcast.go:175.80,177.2 1 1
github.com/local/cassonic/src/server/handler/subsonic/podcast.go:181.94,183.2 1 0
github.com/local/cassonic/src/server/handler/subsonic/podcast.go:186.72,196.2 1 1
github.com/local/cassonic/src/server/handler/subsonic/radio.go:11.84,13.21 2 1
github.com/local/cassonic/src/server/handler/subsonic/radio.go:13.21,16.3 2 1
github.com/local/cassonic/src/server/handler/subsonic/radio.go:18.2,19.16 2 1
github.com/local/cassonic/src/server/handler/subsonic/radio.go:19.16,22.3 2 1
github.com/local/cassonic/src/server/handler/subsonic/radio.go:24.2,25.29 2 1
github.com/local/cassonic/src/server/handler/subsonic/radio.go:25.29,27.3 1 1
github.com/local/cassonic/src/server/handler/subsonic/radio.go:29.2,29.48 1 1
github.com/local/cassonic/src/server/handler/subsonic/radio.go:29.48,31.3 1 1
github.com/local/cassonic/src/server/handler/subsonic/radio.go:35.86,37.21 2 1
github.com/local/cassonic/src/server/handler/subsonic/radio.go:37.21,40.3 2 0
github.com/local/cassonic/src/server/handler/subsonic/radio.go:41.2,41.23 1 1
github.com/local/cassonic/src/server/handler/subsonic/radio.go:41.23,44.3 2 1
github.com/local/cassonic/src/server/handler/subsonic/radio.go:46.2,50.16 4 1
github.com/local/cassonic/src/server/handler/subsonic/radio.go:50.16,53.3 2 1
github.com/local/cassonic/src/server/handler/subsonic/radio.go:54.2,54.21 1 1
github.com/local/cassonic/src/server/handler/subsonic/radio.go:54.21,57.3 2 1
github.com/local/cassonic/src/server/handler/subsonic/radio.go:59.2,66.16 3 1
github.com/local/cassonic/src/server/handler/subsonic/radio.go:66.16,69.3 2 1
github.com/local/cassonic/src/server/handler/subsonic/radio.go:71.2,71.24 1 1
github.com/local/cassonic/src/server/handler/subsonic/radio.go:75.86,77.21 2 1
github.com/local/cassonic/src/server/handler/subsonic/radio.go:77.21,80.3 2 0
github.com/local/cassonic/src/server/handler/subsonic/radio.go:81.2,81.23 1 1
github.com/local/cassonic/src/server/handler/subsonic/radio.go:81.23,84.3 2 0
github.com/local/cassonic/src/server/handler/subsonic/radio.go:86.2,88.14 3 1
github.com/local/cassonic/src/server/handler/subsonic/radio.go:88.14,91.3 2 1
github.com/local/cassonic/src/server/handler/subsonic/radio.go:93.2,94.16 2 1
github.com/local/cassonic/src/server/handler/subsonic/radio.go:94.16,97.3 2 0
github.com/local/cassonic/src/server/handler/subsonic/radio.go:99.2,101.34 3 1
github.com/local/cassonic/src/server/handler/subsonic/radio.go:101.34,104.3 2 1
github.com/local/cassonic/src/server/handler/subsonic/radio.go:106.2,106.33 1 1
github.com/local/cassonic/src/server/handler/subsonic/radio.go:106.33,108.3 1 1
github.com/local/cassonic/src/server/handler/subsonic/radio.go:109.2,109.38 1 1
github.com/local/cassonic/src/server/handler/subsonic/radio.go:109.38,111.3 1 1
github.com/local/cassonic/src/server/handler/subsonic/radio.go:112.2,112.40 1 1
github.com/local/cassonic/src/server/handler/subsonic/radio.go:112.40,114.3 1 0
github.com/local/cassonic/src/server/handler/subsonic/radio.go:116.2,116.68 1 1
github.com/local/cassonic/src/server/handler/subsonic/radio.go:116.68,119.3 2 0
github.com/local/cassonic/src/server/handler/subsonic/radio.go:121.2,121.24 1 1
github.com/local/cassonic/src/server/handler/subsonic/radio.go:125.86,127.21 2 1
github.com/local/cassonic/src/server/handler/subsonic/radio.go:127.21,130.3 2 0
github.com/local/cassonic/src/server/handler/subsonic/radio.go:131.2,131.23 1 1
github.com/local/cassonic/src/server/handler/subsonic/radio.go:131.23,134.3 2 1
github.com/local/cassonic/src/server/handler/subsonic/radio.go:136.2,137.14 2 1
github.com/local/cassonic/src/server/handler/subsonic/radio.go:137.14,140.3 2 0
github.com/local/cassonic/src/server/handler/subsonic/radio.go:142.2,143.16 2 1
github.com/local/cassonic/src/server/handler/subsonic/radio.go:143.16,146.3 2 1
github.com/local/cassonic/src/server/handler/subsonic/radio.go:148.2,148.73 1 1
github.com/local/cassonic/src/server/handler/subsonic/radio.go:148.73,151.3 2 1
github.com/local/cassonic/src/server/handler/subsonic/radio.go:153.2,153.24 1 1
github.com/local/cassonic/src/server/handler/subsonic/radio.go:157.74,159.2 1 1
github.com/local/cassonic/src/server/handler/subsonic/radio.go:162.75,169.2 1 1
github.com/local/cassonic/src/server/handler/subsonic/response.go:510.60,516.20 2 1
github.com/local/cassonic/src/server/handler/subsonic/response.go:516.20,518.3 1 1
github.com/local/cassonic/src/server/handler/subsonic/response.go:519.2,519.10 1 1
github.com/local/cassonic/src/server/handler/subsonic/response.go:523.54,530.2 1 1
github.com/local/cassonic/src/server/handler/subsonic/response.go:534.78,538.16 3 1
github.com/local/cassonic/src/server/handler/subsonic/response.go:539.14,542.69 3 1
github.com/local/cassonic/src/server/handler/subsonic/response.go:544.15,548.21 4 1
github.com/local/cassonic/src/server/handler/subsonic/response.go:548.21,550.4 1 1
github.com/local/cassonic/src/server/handler/subsonic/response.go:551.3,551.50 1 1
github.com/local/cassonic/src/server/handler/subsonic/response.go:553.10,557.37 4 1
github.com/local/cassonic/src/server/handler/subsonic/stream.go:20.66,22.21 2 1
github.com/local/cassonic/src/server/handler/subsonic/stream.go:22.21,25.3 2 1
github.com/local/cassonic/src/server/handler/subsonic/stream.go:27.2,28.14 2 1
github.com/local/cassonic/src/server/handler/subsonic/stream.go:28.14,31.3 2 1
github.com/local/cassonic/src/server/handler/subsonic/stream.go:33.2,34.16 2 1
github.com/local/cassonic/src/server/handler/subsonic/stream.go:34.16,37.3 2 1
github.com/local/cassonic/src/server/handler/subsonic/stream.go:39.2,41.31 3 1
github.com/local/cassonic/src/server/handler/subsonic/stream.go:41.31,44.3 2 1
github.com/local/cassonic/src/server/handler/subsonic/stream.go:46.2,69.59 9 1
github.com/local/cassonic/src/server/handler/subsonic/stream.go:73.68,75.21 2 1
github.com/local/cassonic/src/server/handler/subsonic/stream.go:75.21,78.3 2 1
github.com/local/cassonic/src/server/handler/subsonic/stream.go:80.2,80.23 1 1
github.com/local/cassonic/src/server/handler/subsonic/stream.go:80.23,82.47 2 1
github.com/local/cassonic/src/server/handler/subsonic/stream.go:82.47,85.4 2 1
github.com/local/cassonic/src/server/handler/subsonic/stream.go:88.2,89.14 2 1
github.com/local/cassonic/src/server/handler/subsonic/stream.go:89.14,92.3 2 1
github.com/local/cassonic/src/server/handler/subsonic/stream.go:94.2,95.16 2 1
github.com/local/cassonic/src/server/handler/subsonic/stream.go:95.16,98.3 2 1
github.com/local/cassonic/src/server/handler/subsonic/stream.go:100.2,101.31 2 1
github.com/local/cassonic/src/server/handler/subsonic/stream.go:101.31,104.3 2 1
github.com/local/cassonic/src/server/handler/subsonic/stream.go:106.2,107.16 2 1
github.com/local/cassonic/src/server/handler/subsonic/stream.go:107.16,110.3 2 1
github.com/local/cassonic/src/server/handler/subsonic/stream.go:111.2,118.22 7 1
github.com/local/cassonic/src/server/handler/subsonic/stream.go:122.63,124.21 2 1
github.com/local/cassonic/src/server/handler/subsonic/stream.go:124.21,127.3 2 1
github.com/local/cassonic/src/server/handler/subsonic/stream.go:129.2,130.14 2 1
github.com/local/cassonic/src/server/handler/subsonic/stream.go:130.14,133.3 2 1
github.com/local/cassonic/src/server/handler/subsonic/stream.go:135.2,136.16 2 1
github.com/local/cassonic/src/server/handler/subsonic/stream.go:136.16,139.3 2 0
github.com/local/cassonic/src/server/handler/subsonic/stream.go:141.2,142.31 2 1
github.com/local/cassonic/src/server/handler/subsonic/stream.go:142.31,145.3 2 1
github.com/local/cassonic/src/server/handler/subsonic/stream.go:147.2,161.36 10 1
github.com/local/cassonic/src/server/handler/subsonic/stream.go:165.71,167.21 2 1
github.com/local/cassonic/src/server/handler/subsonic/stream.go:167.21,170.3 2 1
github.com/local/cassonic/src/server/handler/subsonic/stream.go:172.2,173.14 2 1
github.com/local/cassonic/src/server/handler/subsonic/stream.go:173.14,176.3 2 1
github.com/local/cassonic/src/server/handler/subsonic/stream.go:178.2,181.16 3 1
github.com/local/cassonic/src/server/handler/subsonic/stream.go:181.16,184.3 2 1
github.com/local/cassonic/src/server/handler/subsonic/stream.go:186.2,191.16 4 1
github.com/local/cassonic/src/server/handler/subsonic/stream.go:192.23,193.15 1 1
github.com/local/cassonic/src/server/handler/subsonic/stream.go:193.15,195.18 2 0
github.com/local/cassonic/src/server/handler/subsonic/stream.go:195.18,197.5 1 0
github.com/local/cassonic/src/server/handler/subsonic/stream.go:198.9,200.4 1 1
github.com/local/cassonic/src/server/handler/subsonic/stream.go:202.18,203.15 1 1
github.com/local/cassonic/src/server/handler/subsonic/stream.go:203.15,205.18 2 0
github.com/local/cassonic/src/server/handler/subsonic/stream.go:205.18,207.5 1 0
github.com/local/cassonic/src/server/handler/subsonic/stream.go:208.9,210.4 1 1
github.com/local/cassonic/src/server/handler/subsonic/stream.go:212.20,214.35 2 1
github.com/local/cassonic/src/server/handler/subsonic/stream.go:214.35,217.4 2 1
github.com/local/cassonic/src/server/handler/subsonic/stream.go:218.3,218.54 1 0
github.com/local/cassonic/src/server/handler/subsonic/stream.go:220.10,222.9 2 0
github.com/local/cassonic/src/server/handler/subsonic/stream.go:225.2,225.16 1 1
github.com/local/cassonic/src/server/handler/subsonic/stream.go:225.16,226.44 1 1
github.com/local/cassonic/src/server/handler/subsonic/stream.go:226.44,229.4 2 1
github.com/local/cassonic/src/server/handler/subsonic/stream.go:230.3,231.9 2 1
github.com/local/cassonic/src/server/handler/subsonic/stream.go:234.2,236.22 3 1
github.com/local/cassonic/src/server/handler/subsonic/stream.go:240.69,242.21 2 1
github.com/local/cassonic/src/server/handler/subsonic/stream.go:242.21,245.3 2 1
github.com/local/cassonic/src/server/handler/subsonic/stream.go:247.2,254.33 6 1
github.com/local/cassonic/src/server/handler/subsonic/stream.go:254.33,256.35 2 0
github.com/local/cassonic/src/server/handler/subsonic/stream.go:256.35,257.28 1 0
github.com/local/cassonic/src/server/handler/subsonic/stream.go:257.28,258.48 1 0
github.com/local/cassonic/src/server/handler/subsonic/stream.go:258.48,262.11 4 0
github.com/local/cassonic/src/server/handler/subsonic/stream.go:268.2,268.48 1 1
github.com/local/cassonic/src/server/handler/subsonic/stream.go:268.48,274.3 1 1
github.com/local/cassonic/src/server/handler/subsonic/stream.go:278.69,280.21 2 1
github.com/local/cassonic/src/server/handler/subsonic/stream.go:280.21,283.3 2 1
github.com/local/cassonic/src/server/handler/subsonic/stream.go:285.2,293.27 4 1
github.com/local/cassonic/src/server/handler/subsonic/stream.go:297.71,299.2 1 1
github.com/local/cassonic/src/server/handler/subsonic/stream.go:302.136,304.56 2 1
github.com/local/cassonic/src/server/handler/subsonic/stream.go:304.56,306.20 2 0
github.com/local/cassonic/src/server/handler/subsonic/stream.go:306.20,308.4 1 0
github.com/local/cassonic/src/server/handler/subsonic/stream.go:311.2,311.89 1 1
github.com/local/cassonic/src/server/handler/subsonic/stream.go:311.89,314.3 2 0
github.com/local/cassonic/src/server/handler/subsonic/stream.go:316.2,316.28 1 1
github.com/local/cassonic/src/server/handler/subsonic/stream.go:320.90,322.16 2 1
github.com/local/cassonic/src/server/handler/subsonic/stream.go:322.16,325.3 2 1
github.com/local/cassonic/src/server/handler/subsonic/stream.go:326.2,331.22 5 1
github.com/local/cassonic/src/server/handler/subsonic/stream.go:335.141,336.21 1 0
github.com/local/cassonic/src/server/handler/subsonic/stream.go:336.21,339.3 2 0
github.com/local/cassonic/src/server/handler/subsonic/stream.go:341.2,349.16 3 0
github.com/local/cassonic/src/server/handler/subsonic/stream.go:349.16,352.3 2 0
github.com/local/cassonic/src/server/handler/subsonic/stream.go:353.2,358.27 5 0
github.com/local/cassonic/src/server/handler/subsonic/stream.go:362.41,363.33 1 1
github.com/local/cassonic/src/server/handler/subsonic/stream.go:364.13,365.22 1 1
github.com/local/cassonic/src/server/handler/subsonic/stream.go:366.13,367.21 1 1
github.com/local/cassonic/src/server/handler/subsonic/stream.go:368.14,369.34 1 1
github.com/local/cassonic/src/server/handler/subsonic/stream.go:370.13,371.21 1 1
github.com/local/cassonic/src/server/handler/subsonic/stream.go:372.14,373.22 1 1
github.com/local/cassonic/src/server/handler/subsonic/stream.go:374.10,375.22 1 1
github.com/local/cassonic/src/server/handler/subsonic/subsonic.go:38.12,47.2 1 0
github.com/local/cassonic/src/server/handler/subsonic/subsonic.go:50.61,52.2 1 0
github.com/local/cassonic/src/server/handler/subsonic/subsonic.go:56.41,66.2 6 0
github.com/local/cassonic/src/server/handler/subsonic/subsonic.go:69.72,73.2 3 0
github.com/local/cassonic/src/server/handler/subsonic/subsonic.go:76.68,79.2 2 0
github.com/local/cassonic/src/server/handler/subsonic/subsonic.go:82.80,83.16 1 0
github.com/local/cassonic/src/server/handler/subsonic/subsonic.go:85.14,86.15 1 0
github.com/local/cassonic/src/server/handler/subsonic/subsonic.go:87.20,88.21 1 0
github.com/local/cassonic/src/server/handler/subsonic/subsonic.go:89.35,90.36 1 0
github.com/local/cassonic/src/server/handler/subsonic/subsonic.go:91.23,92.24 1 0
github.com/local/cassonic/src/server/handler/subsonic/subsonic.go:93.19,94.20 1 0
github.com/local/cassonic/src/server/handler/subsonic/subsonic.go:95.17,96.18 1 0
github.com/local/cassonic/src/server/handler/subsonic/subsonic.go:97.18,98.19 1 0
github.com/local/cassonic/src/server/handler/subsonic/subsonic.go:99.20,100.21 1 0
github.com/local/cassonic/src/server/handler/subsonic/subsonic.go:101.20,102.21 1 0
github.com/local/cassonic/src/server/handler/subsonic/subsonic.go:103.20,104.21 1 0
github.com/local/cassonic/src/server/handler/subsonic/subsonic.go:105.24,106.25 1 0
github.com/local/cassonic/src/server/handler/subsonic/subsonic.go:109.25,110.26 1 0
github.com/local/cassonic/src/server/handler/subsonic/subsonic.go:111.20,112.21 1 0
github.com/local/cassonic/src/server/handler/subsonic/subsonic.go:113.27,114.28 1 0
github.com/local/cassonic/src/server/handler/subsonic/subsonic.go:115.19,116.20 1 0
github.com/local/cassonic/src/server/handler/subsonic/subsonic.go:117.20,118.21 1 0
github.com/local/cassonic/src/server/handler/subsonic/subsonic.go:119.19,120.20 1 0
github.com/local/cassonic/src/server/handler/subsonic/subsonic.go:121.18,122.19 1 0
github.com/local/cassonic/src/server/handler/subsonic/subsonic.go:123.17,124.18 1 0
github.com/local/cassonic/src/server/handler/subsonic/subsonic.go:125.22,126.23 1 0
github.com/local/cassonic/src/server/handler/subsonic/subsonic.go:127.23,128.24 1 0
github.com/local/cassonic/src/server/handler/subsonic/subsonic.go:129.24,130.25 1 0
github.com/local/cassonic/src/server/handler/subsonic/subsonic.go:131.25,132.26 1 0
github.com/local/cassonic/src/server/handler/subsonic/subsonic.go:133.20,134.21 1 0
github.com/local/cassonic/src/server/handler/subsonic/subsonic.go:135.21,136.22 1 0
github.com/local/cassonic/src/server/handler/subsonic/subsonic.go:137.23,138.24 1 0
github.com/local/cassonic/src/server/handler/subsonic/subsonic.go:139.19,140.20 1 0
github.com/local/cassonic/src/server/handler/subsonic/subsonic.go:141.22,142.23 1 0
github.com/local/cassonic/src/server/handler/subsonic/subsonic.go:143.23,144.24 1 0
github.com/local/cassonic/src/server/handler/subsonic/subsonic.go:145.24,146.25 1 0
github.com/local/cassonic/src/server/handler/subsonic/subsonic.go:147.22,148.23 1 0
github.com/local/cassonic/src/server/handler/subsonic/subsonic.go:149.23,150.24 1 0
github.com/local/cassonic/src/server/handler/subsonic/subsonic.go:151.25,152.26 1 0
github.com/local/cassonic/src/server/handler/subsonic/subsonic.go:153.26,154.27 1 0
github.com/local/cassonic/src/server/handler/subsonic/subsonic.go:155.21,156.22 1 0
github.com/local/cassonic/src/server/handler/subsonic/subsonic.go:159.16,160.17 1 0
github.com/local/cassonic/src/server/handler/subsonic/subsonic.go:161.18,162.19 1 0
github.com/local/cassonic/src/server/handler/subsonic/subsonic.go:163.13,164.14 1 0
github.com/local/cassonic/src/server/handler/subsonic/subsonic.go:165.21,166.22 1 0
github.com/local/cassonic/src/server/handler/subsonic/subsonic.go:167.19,168.20 1 0
github.com/local/cassonic/src/server/handler/subsonic/subsonic.go:169.19,170.20 1 0
github.com/local/cassonic/src/server/handler/subsonic/subsonic.go:171.21,172.22 1 0
github.com/local/cassonic/src/server/handler/subsonic/subsonic.go:175.22,176.23 1 0
github.com/local/cassonic/src/server/handler/subsonic/subsonic.go:177.21,178.22 1 0
github.com/local/cassonic/src/server/handler/subsonic/subsonic.go:179.24,180.25 1 0
github.com/local/cassonic/src/server/handler/subsonic/subsonic.go:181.24,182.25 1 0
github.com/local/cassonic/src/server/handler/subsonic/subsonic.go:183.24,184.25 1 0
github.com/local/cassonic/src/server/handler/subsonic/subsonic.go:185.16,186.17 1 0
github.com/local/cassonic/src/server/handler/subsonic/subsonic.go:187.17,188.18 1 0
github.com/local/cassonic/src/server/handler/subsonic/subsonic.go:189.17,190.18 1 0
github.com/local/cassonic/src/server/handler/subsonic/subsonic.go:191.14,192.15 1 0
github.com/local/cassonic/src/server/handler/subsonic/subsonic.go:193.16,194.17 1 0
github.com/local/cassonic/src/server/handler/subsonic/subsonic.go:195.19,196.20 1 0
github.com/local/cassonic/src/server/handler/subsonic/subsonic.go:197.18,198.19 1 0
github.com/local/cassonic/src/server/handler/subsonic/subsonic.go:199.19,200.20 1 0
github.com/local/cassonic/src/server/handler/subsonic/subsonic.go:201.21,202.22 1 0
github.com/local/cassonic/src/server/handler/subsonic/subsonic.go:203.21,204.22 1 0
github.com/local/cassonic/src/server/handler/subsonic/subsonic.go:205.21,206.22 1 0
github.com/local/cassonic/src/server/handler/subsonic/subsonic.go:207.22,208.23 1 0
github.com/local/cassonic/src/server/handler/subsonic/subsonic.go:209.24,210.25 1 0
github.com/local/cassonic/src/server/handler/subsonic/subsonic.go:211.24,212.25 1 0
github.com/local/cassonic/src/server/handler/subsonic/subsonic.go:213.22,214.23 1 0
github.com/local/cassonic/src/server/handler/subsonic/subsonic.go:215.23,216.24 1 0
github.com/local/cassonic/src/server/handler/subsonic/subsonic.go:217.25,218.26 1 0
github.com/local/cassonic/src/server/handler/subsonic/subsonic.go:219.24,220.25 1 0
github.com/local/cassonic/src/server/handler/subsonic/subsonic.go:223.21,224.22 1 0
github.com/local/cassonic/src/server/handler/subsonic/subsonic.go:225.27,226.28 1 0
github.com/local/cassonic/src/server/handler/subsonic/subsonic.go:227.25,228.26 1 0
github.com/local/cassonic/src/server/handler/subsonic/subsonic.go:229.30,230.31 1 0
github.com/local/cassonic/src/server/handler/subsonic/subsonic.go:231.30,232.31 1 0
github.com/local/cassonic/src/server/handler/subsonic/subsonic.go:233.30,234.31 1 0
github.com/local/cassonic/src/server/handler/subsonic/subsonic.go:235.32,236.33 1 0
github.com/local/cassonic/src/server/handler/subsonic/subsonic.go:239.34,240.35 1 0
github.com/local/cassonic/src/server/handler/subsonic/subsonic.go:241.36,242.37 1 0
github.com/local/cassonic/src/server/handler/subsonic/subsonic.go:243.36,244.37 1 0
github.com/local/cassonic/src/server/handler/subsonic/subsonic.go:245.36,246.37 1 0
github.com/local/cassonic/src/server/handler/subsonic/subsonic.go:249.24,250.25 1 0
github.com/local/cassonic/src/server/handler/subsonic/subsonic.go:252.10,253.65 1 0
github.com/local/cassonic/src/server/handler/subsonic/system.go:14.64,16.2 1 1
github.com/local/cassonic/src/server/handler/subsonic/system.go:19.70,20.48 1 1
github.com/local/cassonic/src/server/handler/subsonic/system.go:20.48,26.3 1 1
github.com/local/cassonic/src/server/handler/subsonic/system.go:30.73,32.16 2 1
github.com/local/cassonic/src/server/handler/subsonic/system.go:32.16,35.3 2 1
github.com/local/cassonic/src/server/handler/subsonic/system.go:37.2,39.19 3 1
github.com/local/cassonic/src/server/handler/subsonic/system.go:39.19,42.3 2 1
github.com/local/cassonic/src/server/handler/subsonic/system.go:44.2,44.48 1 1
github.com/local/cassonic/src/server/handler/subsonic/system.go:44.48,49.3 1 1
github.com/local/cassonic/src/server/handler/subsonic/system.go:53.69,54.12 1 0
github.com/local/cassonic/src/server/handler/subsonic/system.go:54.12,56.3 1 0
github.com/local/cassonic/src/server/handler/subsonic/system.go:58.2,58.48 1 0
github.com/local/cassonic/src/server/handler/subsonic/system.go:58.48,63.3 1 0
github.com/local/cassonic/src/server/handler/subsonic/system.go:68.67,70.21 2 1
github.com/local/cassonic/src/server/handler/subsonic/system.go:70.21,73.3 2 1
github.com/local/cassonic/src/server/handler/subsonic/system.go:75.2,76.20 2 1
github.com/local/cassonic/src/server/handler/subsonic/system.go:76.20,79.3 2 1
github.com/local/cassonic/src/server/handler/subsonic/system.go:81.2,81.56 1 1
github.com/local/cassonic/src/server/handler/subsonic/system.go:81.56,84.3 2 1
github.com/local/cassonic/src/server/handler/subsonic/system.go:86.2,87.28 2 0
github.com/local/cassonic/src/server/handler/subsonic/system.go:87.28,90.3 2 0
github.com/local/cassonic/src/server/handler/subsonic/system.go:92.2,92.48 1 0
github.com/local/cassonic/src/server/handler/subsonic/system.go:92.48,94.3 1 0
github.com/local/cassonic/src/server/handler/subsonic/system.go:98.68,100.21 2 1
github.com/local/cassonic/src/server/handler/subsonic/system.go:100.21,103.3 2 1
github.com/local/cassonic/src/server/handler/subsonic/system.go:104.2,104.23 1 1
github.com/local/cassonic/src/server/handler/subsonic/system.go:104.23,107.3 2 1
github.com/local/cassonic/src/server/handler/subsonic/system.go:109.2,110.16 2 0
github.com/local/cassonic/src/server/handler/subsonic/system.go:110.16,113.3 2 0
github.com/local/cassonic/src/server/handler/subsonic/system.go:115.2,116.26 2 0
github.com/local/cassonic/src/server/handler/subsonic/system.go:116.26,118.3 1 0
github.com/local/cassonic/src/server/handler/subsonic/system.go:120.2,120.48 1 0
github.com/local/cassonic/src/server/handler/subsonic/system.go:120.48,122.3 1 0
github.com/local/cassonic/src/server/handler/subsonic/system.go:126.70,128.21 2 0
github.com/local/cassonic/src/server/handler/subsonic/system.go:128.21,131.3 2 0
github.com/local/cassonic/src/server/handler/subsonic/system.go:132.2,132.23 1 0
github.com/local/cassonic/src/server/handler/subsonic/system.go:132.23,135.3 2 0
github.com/local/cassonic/src/server/handler/subsonic/system.go:137.2,142.20 5 0
github.com/local/cassonic/src/server/handler/subsonic/system.go:142.20,145.3 2 0
github.com/local/cassonic/src/server/handler/subsonic/system.go:146.2,146.20 1 0
github.com/local/cassonic/src/server/handler/subsonic/system.go:146.20,149.3 2 0
github.com/local/cassonic/src/server/handler/subsonic/system.go:151.2,152.16 2 0
github.com/local/cassonic/src/server/handler/subsonic/system.go:152.16,155.3 2 0
github.com/local/cassonic/src/server/handler/subsonic/system.go:157.2,172.16 3 0
github.com/local/cassonic/src/server/handler/subsonic/system.go:172.16,175.3 2 0
github.com/local/cassonic/src/server/handler/subsonic/system.go:177.2,177.24 1 0
github.com/local/cassonic/src/server/handler/subsonic/system.go:181.70,183.21 2 0
github.com/local/cassonic/src/server/handler/subsonic/system.go:183.21,186.3 2 0
github.com/local/cassonic/src/server/handler/subsonic/system.go:187.2,187.23 1 0
github.com/local/cassonic/src/server/handler/subsonic/system.go:187.23,190.3 2 0
github.com/local/cassonic/src/server/handler/subsonic/system.go:192.2,194.20 3 0
github.com/local/cassonic/src/server/handler/subsonic/system.go:194.20,197.3 2 0
github.com/local/cassonic/src/server/handler/subsonic/system.go:199.2,200.28 2 0
github.com/local/cassonic/src/server/handler/subsonic/system.go:200.28,203.3 2 0
github.com/local/cassonic/src/server/handler/subsonic/system.go:205.2,205.34 1 0
github.com/local/cassonic/src/server/handler/subsonic/system.go:205.34,207.3 1 0
github.com/local/cassonic/src/server/handler/subsonic/system.go:208.2,208.38 1 0
github.com/local/cassonic/src/server/handler/subsonic/system.go:208.38,210.3 1 0
github.com/local/cassonic/src/server/handler/subsonic/system.go:211.2,211.41 1 0
github.com/local/cassonic/src/server/handler/subsonic/system.go:211.41,213.3 1 0
github.com/local/cassonic/src/server/handler/subsonic/system.go:214.2,214.39 1 0
github.com/local/cassonic/src/server/handler/subsonic/system.go:214.39,216.3 1 0
github.com/local/cassonic/src/server/handler/subsonic/system.go:217.2,217.38 1 0
github.com/local/cassonic/src/server/handler/subsonic/system.go:217.38,219.3 1 0
github.com/local/cassonic/src/server/handler/subsonic/system.go:220.2,220.41 1 0
github.com/local/cassonic/src/server/handler/subsonic/system.go:220.41,222.3 1 0
github.com/local/cassonic/src/server/handler/subsonic/system.go:223.2,223.40 1 0
github.com/local/cassonic/src/server/handler/subsonic/system.go:223.40,225.3 1 0
github.com/local/cassonic/src/server/handler/subsonic/system.go:226.2,226.40 1 0
github.com/local/cassonic/src/server/handler/subsonic/system.go:226.40,228.3 1 0
github.com/local/cassonic/src/server/handler/subsonic/system.go:230.2,232.62 2 0
github.com/local/cassonic/src/server/handler/subsonic/system.go:232.62,235.3 2 0
github.com/local/cassonic/src/server/handler/subsonic/system.go:237.2,237.24 1 0
github.com/local/cassonic/src/server/handler/subsonic/system.go:241.70,243.21 2 0
github.com/local/cassonic/src/server/handler/subsonic/system.go:243.21,246.3 2 0
github.com/local/cassonic/src/server/handler/subsonic/system.go:247.2,247.23 1 0
github.com/local/cassonic/src/server/handler/subsonic/system.go:247.23,250.3 2 0
github.com/local/cassonic/src/server/handler/subsonic/system.go:252.2,253.20 2 0
github.com/local/cassonic/src/server/handler/subsonic/system.go:253.20,256.3 2 0
github.com/local/cassonic/src/server/handler/subsonic/system.go:258.2,259.28 2 0
github.com/local/cassonic/src/server/handler/subsonic/system.go:259.28,262.3 2 0
github.com/local/cassonic/src/server/handler/subsonic/system.go:264.2,264.65 1 0
github.com/local/cassonic/src/server/handler/subsonic/system.go:264.65,267.3 2 0
github.com/local/cassonic/src/server/handler/subsonic/system.go:269.2,269.24 1 0
github.com/local/cassonic/src/server/handler/subsonic/system.go:274.74,276.21 2 0
github.com/local/cassonic/src/server/handler/subsonic/system.go:276.21,279.3 2 0
github.com/local/cassonic/src/server/handler/subsonic/system.go:281.2,285.20 4 0
github.com/local/cassonic/src/server/handler/subsonic/system.go:285.20,288.3 2 0
github.com/local/cassonic/src/server/handler/subsonic/system.go:289.2,289.20 1 0
github.com/local/cassonic/src/server/handler/subsonic/system.go:289.20,292.3 2 0
github.com/local/cassonic/src/server/handler/subsonic/system.go:294.2,294.56 1 0
github.com/local/cassonic/src/server/handler/subsonic/system.go:294.56,297.3 2 0
github.com/local/cassonic/src/server/handler/subsonic/system.go:299.2,300.28 2 0
github.com/local/cassonic/src/server/handler/subsonic/system.go:300.28,303.3 2 0
github.com/local/cassonic/src/server/handler/subsonic/system.go:305.2,306.16 2 0
github.com/local/cassonic/src/server/handler/subsonic/system.go:306.16,309.3 2 0
github.com/local/cassonic/src/server/handler/subsonic/system.go:311.2,314.62 3 0
github.com/local/cassonic/src/server/handler/subsonic/system.go:314.62,317.3 2 0
github.com/local/cassonic/src/server/handler/subsonic/system.go:319.2,319.24 1 0
github.com/local/cassonic/src/server/handler/subsonic/system.go:323.47,342.2 1 0
github.com/local/cassonic/src/server/handler/subsonic/system.go:346.85,347.48 1 0
github.com/local/cassonic/src/server/handler/subsonic/system.go:347.48,355.3 1 0
github.com/local/cassonic/src/server/handler/subsonic/system.go:359.36,360.47 1 1
github.com/local/cassonic/src/server/handler/subsonic/system.go:361.53,362.14 1 1
github.com/local/cassonic/src/server/handler/subsonic/system.go:364.2,364.14 1 1
